GHCi, version 9.0.2: https://www.haskell.org/ghc/  :? for help
Loaded GHCi configuration from /home/sayuri/bprog2022/.ghci
2022-05-19 15:41:25.451960427
>>> 313 + 307
620
2022-05-19 15:54:24.120745491
>>> 3 + 2 * 5
13
2022-05-19 15:55:15.643532693
>>> (3 + 2) * 5
25
2022-05-19 15:55:36.926640964
>>> 330 / 2
165.0
2022-05-19 15:55:52.384346485
>>> 5 - 4 - 8
-7
2022-05-19 15:56:11.796251767
>>> 10 * 30
300
2022-05-19 15:56:28.030737656
>>> 1030 + 1127 * 330
372940
2022-05-19 15:56:48.765185943
>>> sqrt 2
1.4142135623730951
2022-05-19 15:59:08.089084835
>>> sqrt 5
2.23606797749979
2022-05-19 15:59:57.735969095
>>> sqrt 3
1.7320508075688772
2022-05-19 16:00:07.654442686
>>> double

<interactive>:11:1: error: Variable not in scope: double
2022-05-19 16:02:26.77091454
>>> double 3

<interactive>:12:1: error: Variable not in scope: double :: t0 -> t
2022-05-19 16:02:41.54215273
>>> GHCi, version 9.0.2: https://www.haskell.org/ghc/  :? for help
Loaded GHCi configuration from /home/sayuri/bprog2022/.ghci
2022-05-26 15:02:13.036361971
>>> maxBound :: Int
9223372036854775807
2022-05-26 15:03:30.881062329
>>> 2 ^ 63 - 1
9223372036854775807
2022-05-26 15:05:02.221133265
>>> minBound :: Int
-9223372036854775808
2022-05-26 15:05:34.804100704
>>> :e src/First.hs
   1  module First where
   2  
   3  double :: Int -> Int
   4  double x = x + x
:l src/First.hs
Ok, no modules loaded.
2022-05-26 15:48:25.654824766
>>> [1 of 1] Compiling First            ( src/First.hs, interpreted )
Ok, one module loaded.
2022-05-26 15:48:25.813798102
>>> double 3
6
2022-05-26 15:56:14.152210566
>>> double 123
246
2022-05-26 15:56:19.916473333
>>> double 1 + 3
5
2022-05-26 15:56:35.664729898
>>> double (1 + 3)
8
2022-05-26 15:56:53.794352317
>>> double (6 + 9)
30
2022-05-26 15:57:06.939581861
>>> double (1 + 2)
6
2022-05-26 15:57:22.316727335
>>> GHCi, version 9.0.2: https://www.haskell.org/ghc/  :? for help
Loaded GHCi configuration from /home/sayuri/bprog2022/.ghci
2022-06-09 14:54:57.755105538
>>> 2 + 3 * 4
14
2022-06-09 14:57:49.866120299
>>> ( 2 + 3 )* 4
20
2022-06-09 14:58:54.141509712
>>> sqrt (3 ^ 2 + 4 ^ 2)
5.0
2022-06-09 15:00:12.559388521
>>> :i sqrt
type Floating :: * -> Constraint
class Fractional a => Floating a where
  ...
  sqrt :: a -> a
  ...
  	-- Defined in ‘GHC.Float’
2022-06-09 15:00:55.21261133
>>> sqrt (3 ^ 2 + 4 ^ 2)
5.0
2022-06-09 15:03:26.728054911
>>> head [1,2,3,4,5]
1
2022-06-09 15:05:02.257633107
>>> tail[

<interactive>:7:6: error:
    parse error (possibly incorrect indentation or mismatched brackets)
2022-06-09 15:05:18.431968511
>>> tail [1,2,3,4,5]
[2,3,4,5]
2022-06-09 15:05:36.44217523
>>> [1,2,3,4,5] !! 2
3
2022-06-09 15:06:27.813948465
>>> take 3 [1,2,3,4,5]
[1,2,3]
2022-06-09 15:06:52.330387919
>>> drop 3 [1,2,3,4,5]
[4,5]
2022-06-09 15:07:35.305450611
>>> sqrt (25 :: Int)

<interactive>:12:1: error:
    • No instance for (Floating Int) arising from a use of ‘sqrt’
    • In the expression: sqrt (25 :: Int)
      In an equation for ‘it’: it = sqrt (25 :: Int)
2022-06-09 15:08:00.770201915
>>> sqrt (25 :: double)

<interactive>:13:7: error:
    • Could not deduce (Num double) arising from the literal ‘25’
      from the context: Floating a
        bound by the inferred type of it :: Floating a => a
        at <interactive>:13:1-19
      Possible fix:
        add (Num double) to the context of
          an expression type signature:
            forall double. double
    • In the first argument of ‘sqrt’, namely ‘(25 :: double)’
      In the expression: sqrt (25 :: double)
      In an equation for ‘it’: it = sqrt (25 :: double)
2022-06-09 15:09:29.294224018
>>> sqrt (25 :: Double)
5.0
2022-06-09 15:09:59.037933334
>>> sprt 25

<interactive>:15:1: error:
    • Variable not in scope: sprt :: t0 -> t
    • Perhaps you meant ‘sqrt’ (imported from Prelude)
2022-06-09 15:10:07.580506854
>>> sprt 25

<interactive>:16:1: error:
    • Variable not in scope: sprt :: t0 -> t
    • Perhaps you meant ‘sqrt’ (imported from Prelude)
2022-06-09 15:10:22.198088527
>>> sqrt 25
5.0
2022-06-09 15:10:34.472745264
>>> length [1,2,3,4,5]
5
2022-06-09 15:11:42.143824932
>>> sun [1,2,3,4,5]

<interactive>:19:1: error:
    • Variable not in scope: sun :: [a0] -> t
    • Perhaps you meant one of these:
        ‘sum’ (imported from Prelude), ‘sin’ (imported from Prelude)
2022-06-09 15:11:56.756178619
>>> sum [1,2,3,4,5]
15
2022-06-09 15:12:11.889141602
>>> product [1,2,3,4,5]
120
2022-06-09 15:12:34.724831242
>>> [1,2,3] ++ [4,5]
[1,2,3,4,5]
2022-06-09 15:12:50.43228341
>>> reverse [1,2,3,4,5]
[5,4,3,2,1]
2022-06-09 15:13:14.67440028
>>> hoge 25 :: Int

<interactive>:24:1: error: Variable not in scope: hoge :: t0 -> Int
2022-06-09 15:13:29.517617233
>>> sum [1,2,3,4,5,6,7,8,9,10]
55
2022-06-09 15:15:09.805054602
>>> legth [1,2,3,45,6,7,8,]

<interactive>:26:23: error: parse error on input ‘]’
2022-06-09 15:15:26.125729722
>>> length [1,2,3,4,56,,7,,8,9,9]

<interactive>:27:20: error: parse error on input ‘,’
2022-06-09 15:15:44.167411147
>>> length [1,2,3,4,5,6,7]
7
2022-06-09 15:16:14.52859681
>>> take 1 [1,2,3,4,5,6]
[1]
2022-06-09 15:16:46.471344398
>>> drop 2 [1,2,3,4,5]
[3,4,5]
2022-06-09 15:17:08.344936933
>>> product [1,2,3,4,5,6,7,8]
40320
2022-06-09 15:17:32.233839367
>>> reverse [1,2,3,4,5,67,8,]

<interactive>:32:25: error: parse error on input ‘]’
2022-06-09 15:17:54.101419493
>>> sqrt [1,3,4,2,6]

<interactive>:33:1: error:
    • Non type-variable argument in the constraint: Floating [a]
      (Use FlexibleContexts to permit this)
    • When checking the inferred type
        it :: forall {a}. (Floating [a], Num a) => [a]
2022-06-09 15:18:13.325958229
>>> qsort [1,4,6,2,3]

<interactive>:34:1: error:
    Variable not in scope: qsort :: [a0] -> t
2022-06-09 15:18:55.001889453
>>> qsort [1,3,2,4,5]

<interactive>:35:1: error:
    Variable not in scope: qsort :: [a0] -> t
2022-06-09 15:20:25.95510419
>>> qsort [x] = [x]
2022-06-09 15:20:42.55492086
>>> qsort [1,,3,2]

<interactive>:37:10: error: parse error on input ‘,’
2022-06-09 15:21:08.71043366
>>> qsort [x]

<interactive>:38:8: error: Variable not in scope: x
2022-06-09 15:21:36.889259157
>>> clear

<interactive>:39:1: error: Variable not in scope: clear
2022-06-09 15:21:59.336377303
>>> head [1,2,3,4,5]
1
2022-06-09 15:22:20.556203447
>>> product [5,4,3,6,8,0]
0
2022-06-09 15:22:42.572694294
>>> head[]
*** Exception: Prelude.head: empty list
2022-06-09 15:48:47.194272565
>>> head []
*** Exception: Prelude.head: empty list
2022-06-09 15:48:51.374794837
>>> head [1,2,3,4,5]
1
2022-06-09 15:49:10.281508099
>>> head [3,1,4,1,5]
3
2022-06-09 15:49:26.930234208
>>> tail [1,2,3,4,5]
[2,3,4,5]
2022-06-09 15:49:47.89598509
>>> hoge = [3,1,4,1,5] :: [Int]
2022-06-09 15:50:32.054103764
>>> hoge
[3,1,4,1,5]
2022-06-09 15:50:57.037409951
>>> head hoge
3
2022-06-09 15:51:23.656943534
>>> tail hoge
[1,4,1,5]
2022-06-09 15:51:30.59267639
>>> tail 

<interactive>:51:1: error:
    • No instance for (Show ([a0] -> [a0]))
        arising from a use of ‘print’
        (maybe you haven't applied a function to enough arguments?)
    • In a stmt of an interactive GHCi command: print it
2022-06-09 15:52:30.124957441
>>> tail []
*** Exception: Prelude.tail: empty list
2022-06-09 15:52:36.143498133
>>> hoge !! 2
4
2022-06-09 15:54:16.130080397
>>> hoge !! 0
3
2022-06-09 15:55:31.76193099
>>> hoge 2 !! hoge

<interactive>:55:1: error:
    • Couldn't match expected type: t0 -> [a]
                  with actual type: [Int]
    • The function ‘hoge’ is applied to one value argument,
        but its type ‘[Int]’ has none
      In the first argument of ‘(!!)’, namely ‘hoge 2’
      In the expression: hoge 2 !! hoge
    • Relevant bindings include it :: a (bound at <interactive>:55:1)

<interactive>:55:11: error:
    • Couldn't match expected type ‘Int’ with actual type ‘[Int]’
    • In the second argument of ‘(!!)’, namely ‘hoge’
      In the expression: hoge 2 !! hoge
      In an equation for ‘it’: it = hoge 2 !! hoge
2022-06-09 15:55:48.549416698
>>> hoge !! 2
4
2022-06-09 15:56:14.64624302
>>> take 3 hoge
[3,1,4]
2022-06-09 15:56:30.779504721
>>> drop 3 hoge
[1,5]
2022-06-09 15:56:57.585015406
>>> hoge
[3,1,4,1,5]
2022-06-09 15:57:05.956409063
>>> drop 3 hoge
[1,5]
2022-06-09 15:57:20.517820492
>>> lenght hoge

<interactive>:61:1: error:
    • Variable not in scope: lenght :: [Int] -> t
    • Perhaps you meant ‘length’ (imported from Prelude)
2022-06-09 15:57:37.402735722
>>> length hoge
5
2022-06-09 15:57:53.558410879
>>> take 5 hoge
[3,1,4,1,5]
2022-06-09 15:58:40.614304241
>>> drop 5 hoge
[]
2022-06-09 15:58:50.234878122
>>> hoge !! 5
*** Exception: Prelude.!!: index too large
2022-06-09 15:58:58.506844661
>>> take 10 hoge
[3,1,4,1,5]
2022-06-09 15:59:08.702120362
>>> drop 10 hoge
[]
2022-06-09 16:00:19.313525658
>>> lengtn hoge

<interactive>:68:1: error:
    • Variable not in scope: lengtn :: [Int] -> t
    • Perhaps you meant ‘length’ (imported from Prelude)
2022-06-09 16:00:58.386928984
>>> length hoge
5
2022-06-09 16:01:11.00368579
>>> length []
0
2022-06-09 16:01:28.140617225
>>> sum hoge
14
2022-06-09 16:01:40.974374886
>>> prpduct hoge

<interactive>:72:1: error:
    • Variable not in scope: prpduct :: [Int] -> t
    • Perhaps you meant ‘product’ (imported from Prelude)
2022-06-09 16:02:00.52094637
>>> product hoge
60
2022-06-09 16:02:13.021666996
>>> hoge ++ hoge
[3,1,4,1,5,3,1,4,1,5]
2022-06-09 16:02:32.968380716
>>> reverse hoge
[5,1,4,1,3]
2022-06-09 16:02:50.147143893
>>> product hoge
60
2022-06-09 16:03:14.743375589
>>> [1,2,3,4,5] ++ [1,2,3]
[1,2,3,4,5,1,2,3]
2022-06-09 16:04:33.968094436
>>> hoge ++ hoge
[3,1,4,1,5,3,1,4,1,5]
2022-06-09 16:04:41.487373969
>>> reverse hoge
[5,1,4,1,3]
2022-06-09 16:05:28.778704715
>>> double 3 + 3

<interactive>:80:1: error: Variable not in scope: double :: t0 -> a
2022-06-09 16:07:00.424423029
>>> :e src/First.hs
   1  module First where
   2  
   3  double :: Int -> Int
   4  double x = x + x
   5  lenth
Ok, no modules loaded.
2022-06-09 16:07:40.497929899
>>> :load src/First.hs
[1 of 1] Compiling First            ( src/First.hs, interpreted )

src/First.hs:5:1: error:
    Parse error: module header, import declaration
    or top-level declaration expected.
  |
5 | lenth
  | ^^^^^
Failed, no modules loaded.
2022-06-09 16:07:40.540631927
>>> double 3 + 3

<interactive>:83:1: error: Variable not in scope: double :: t0 -> a
2022-06-09 16:07:53.263743907
>>> double 3 + 3

<interactive>:84:1: error: Variable not in scope: double :: t0 -> a
2022-06-09 16:08:07.877148945
>>> :e src/First.hs
   1  module First where
   2  
   3  double :: Int -> Int
   4  double x = x + x
   5  lenth
[1 of 1] Compiling First            ( src/First.hs, interpreted )

src/First.hs:5:1: error:
    Parse error: module header, import declaration
    or top-level declaration expected.
  |
5 | lenth
  | ^^^^^
Failed, no modules loaded.
2022-06-09 16:09:01.712529714
>>> :load src/First.hs
[1 of 1] Compiling First            ( src/First.hs, interpreted )

src/First.hs:5:1: error:
    Parse error: module header, import declaration
    or top-level declaration expected.
  |
5 | lenth
  | ^^^^^
Failed, no modules loaded.
2022-06-09 16:09:01.807909066
>>> double 3 + 3

<interactive>:87:1: error: Variable not in scope: double :: t0 -> a
2022-06-09 16:09:21.996929236
>>> :e src/First.hs
   1  module First where
   2  
   3  double :: Int -> Int
   4  double x = x + x
[1 of 1] Compiling First            ( src/First.hs, interpreted )
Ok, one module loaded.
2022-06-09 16:10:16.70541329
>>> :load src/First.hs
[1 of 1] Compiling First            ( src/First.hs, interpreted )
Ok, one module loaded.
2022-06-09 16:10:16.789285586
>>> bouble 3 + 3

<interactive>:90:1: error:
    • Variable not in scope: bouble :: t0 -> a
    • Perhaps you meant ‘double’ (line 4)
2022-06-09 16:10:27.408193386
>>> double 3 + 3
9
2022-06-09 16:10:37.109870435
>>> (double 3) + 3
9
2022-06-09 16:10:59.490362187
>>> double (3 + 3)
12
2022-06-09 16:11:12.635715266
>>> :e
   1  module First where
   2  
   3  double :: Int -> Int
   4  double x = x + x
   5  
   6  quadruple :: Int -> Int
   7  quadruple x = double (double x)
[1 of 1] Compiling First            ( src/First.hs, interpreted )
Ok, one module loaded.
2022-06-09 16:14:22.577425178
>>> quadruple 2
8
2022-06-09 16:14:46.316911285
>>> quadruple (2 + 3)
20
2022-06-09 16:15:05.302082117
>>> :quit
Leaving GHCi.
